
----------------------------------------------------------------------------------

				File: all_cells.cnf


